quiet-check: 2026-10-02 15:52:49 runner=[online busy=true] load1=4.50 rest_cpu=150.5% heavy=[ 907310:100.0%:/home/youndie/.konan/dependencies/llvm-21-x86_64-linux-essentials-116/bin/clang++ 438589:27.0%:/usr/lib/jvm/java-25-openjdk-amd64/bin/java] builds=[ 907310:100.0% 438589:27.0%] -> NOISY
quiet-check: 2026-10-02 15:53:54 runner=[online busy=true] load1=2.13 rest_cpu=208% heavy=[ 908344:205.0%:/home/youndie/actions-runner/_work/_tool/Java_Temurin-Hotspot_jdk/25.0.4-7.0.LTS/x64/bin/java] builds=[] -> NOISY
quiet-check: 2026-10-02 15:54:58 runner=[online busy=true] load1=2.04 rest_cpu=121.6% heavy=[ 908344:100.7%:/home/youndie/actions-runner/_work/_tool/Java_Temurin-Hotspot_jdk/25.0.4-7.0.LTS/x64/bin/java] builds=[] -> NOISY
quiet-check: 2026-10-02 15:56:03 runner=[online busy=true] load1=1.35 rest_cpu=102.7% heavy=[ 909208:100.0%:/home/youndie/.konan/dependencies/llvm-21-x86_64-linux-essentials-116/bin/clang++] builds=[ 909208:100.0%] -> NOISY
quiet-check: 2026-10-02 15:57:08 runner=[online busy=true] load1=1.02 rest_cpu=74.1% heavy=[ 910195:44.3%:/home/youndie/actions-runner/bin.2.337.0/Runner.Worker] builds=[] -> NOISY
quiet-check: 2026-10-02 15:58:13 runner=[online busy=true] load1=0.71 rest_cpu=6.9% heavy=[] builds=[] -> NOISY
quiet-check: 2026-10-02 15:59:18 runner=[online busy=false] load1=0.28 rest_cpu=27.3% heavy=[] builds=[] -> QUIET
series start 2026-10-02 15:59:18
# host=DESKTOP-85OS64M kernel=6.6.87.2-microsoft-standard-WSL2 nproc_host=20 uptime=" 15:59:19 up 1 day, 16:46, 54 users,  load average: 0.26, 2.20, 3.34"
# commit=dae1cb8f5816b533601ccc586e2819732cd378cd dirty=0
# generator=grafana/k6:0.54.0 generator_cpus=12-19 subject_cpus=0-3 rate=200 connections=50 duration=30s limit=64m control=A0@6m lever=yes
# arm A0 = xyk-g1:paged-off|MALLOC_ARENA_MAX=2 image_id=sha256:5a352c9e7fdae8bb53446e6b65f6dde4119a3562622a71a614184f5e6dad0d7e
# arm A0b = xyk-g1:paged-off|MALLOC_ARENA_MAX=2 image_id=sha256:5a352c9e7fdae8bb53446e6b65f6dde4119a3562622a71a614184f5e6dad0d7e
# arm A1 = xyk-g1:paged-off image_id=sha256:5a352c9e7fdae8bb53446e6b65f6dde4119a3562622a71a614184f5e6dad0d7e
# arm C = xyk-g1:default image_id=sha256:4561f73c7e4fc26ac8857b4bd0e0b9fb55fcaf95cfd1da0cf3b0b3f43a472fdb
=== the positive control: A0 at 6m must be killed ===
control died as it must
=== 6 rounds per arm at 64m, interleaved ===
  round 1 done
  round 2 done
  round 3 done
  round 4 done
  round 5 done
  round 6 done
=== results ===
**Control** (6m): 2 of 2 killed.

| arm | survived | peak RSS kB (min–max) | threads (max) |
|---|---|---|---|
| `A0` | **6/6** | 38740–65540 | 115 |
| `A0b` | **6/6** | 39200–65760 | 94 |
| `A1` | **6/6** | 49600–54272 | 109 |
| `C` | **0/6** | — | — |
raw: /home/youndie/xyk-g1-raw/S1r/results.csv
series rc=0 end 2026-10-02 16:13:22
post-check: 2026-10-02 16:13:27 runner=[online busy=false] load1=0.70 rest_cpu=24.3% heavy=[] builds=[]
runner jobs that started during the series: 2
