2026-10-02 14:12:22 runner=[online busy=true] load1=5.02 rest_cpu=20.8% heavy=[ 797033:15.0%:/home/youndie/actions-runner/externals/node24/bin/node] builds=[]
2026-10-02 14:13:28 runner=[online busy=true] load1=3.38 rest_cpu=272.3% heavy=[ 797732:206.0%:/home/youndie/actions-runner/_work/_tool/Java_Temurin-Hotspot_jdk/25.0.4-7.0.LTS/x64/bin/java 237810:29.6%:.mutagen/agents/0.18.1/mutagen-agent 237571:14.3%:.mutagen/agents/0.18.1/mutagen-agent] builds=[]
2026-10-02 14:14:33 runner=[online busy=true] load1=2.74 rest_cpu=331.7% heavy=[ 797732:330.2%:/home/youndie/actions-runner/_work/_tool/Java_Temurin-Hotspot_jdk/25.0.4-7.0.LTS/x64/bin/java] builds=[]
2026-10-02 14:15:38 runner=[online busy=true] load1=1.61 rest_cpu=124.9% heavy=[ 797732:101.0%:/home/youndie/actions-runner/_work/_tool/Java_Temurin-Hotspot_jdk/25.0.4-7.0.LTS/x64/bin/java] builds=[]
2026-10-02 14:16:42 runner=[online busy=true] load1=1.21 rest_cpu=265.1% heavy=[ 234:120.9%:/usr/bin/containerd 395:106.0%:/usr/bin/dockerd 799554:31.2%:apt-get] builds=[]
2026-10-02 14:17:48 runner=[online busy=true] load1=0.81 rest_cpu=365.9% heavy=[ 234:124.9%:/usr/bin/containerd 395:109.3%:/usr/bin/dockerd 237810:29.6%:.mutagen/agents/0.18.1/mutagen-agent 237571:25.2%:.mutagen/agents/0.18.1/mutagen-agent 802801:17.3%:node] builds=[]
2026-10-02 14:18:53 runner=[online busy=true] load1=0.99 rest_cpu=242.7% heavy=[ 234:120.7%:/usr/bin/containerd 395:107.7%:/usr/bin/dockerd 804271:10.7%:/home/youndie/actions-runner/bin.2.337.0/Runner.Worker] builds=[]
2026-10-02 14:19:59 runner=[online busy=true] load1=1.97 rest_cpu=158.6% heavy=[ 805674:92.7%:/home/youndie/actions-runner/_work/_tool/Java_Temurin-Hotspot_jdk/25.0.4-7.0.LTS/x64/bin/java 237810:17.3%:.mutagen/agents/0.18.1/mutagen-agent 237571:15.9%:.mutagen/agents/0.18.1/mutagen-agent] builds=[]
2026-10-02 14:21:04 runner=[online busy=true] load1=1.41 rest_cpu=376.7% heavy=[ 806869:300.3%:/home/youndie/actions-runner/_work/_tool/Java_Temurin-Hotspot_jdk/25.0.4-7.0.LTS/x64/bin/java 807069:72.4%:/home/youndie/actions-runner/_work/_tool/Java_Temurin-Hotspot_jdk/25.0.4-7.0.LTS/x64/bin/java] builds=[]
2026-10-02 14:22:11 runner=[online busy=true] load1=2.31 rest_cpu=253.8% heavy=[ 806869:192.0%:/home/youndie/actions-runner/_work/_tool/Java_Temurin-Hotspot_jdk/25.0.4-7.0.LTS/x64/bin/java 236335:13.0%:.mutagen/agents/0.18.1/mutagen-agent] builds=[]
2026-10-02 14:23:16 runner=[online busy=true] load1=1.85 rest_cpu=105.7% heavy=[ 806869:100.7%:/home/youndie/actions-runner/_work/_tool/Java_Temurin-Hotspot_jdk/25.0.4-7.0.LTS/x64/bin/java] builds=[]
2026-10-02 14:24:21 runner=[online busy=true] load1=1.28 rest_cpu=104.5% heavy=[ 808080:100.0%:/home/youndie/.konan/dependencies/llvm-21-x86_64-linux-essentials-116/bin/clang++] builds=[ 808080:100.0%]
2026-10-02 14:25:26 runner=[online busy=true] load1=1.15 rest_cpu=130.6% heavy=[ 811875:111.6%:/home/youndie/actions-runner/_work/_tool/Java_Temurin-Hotspot_jdk/25.0.4-7.0.LTS/x64/bin/java] builds=[]
2026-10-02 14:26:32 runner=[online busy=true] load1=1.60 rest_cpu=35.4% heavy=[ 234:26.2%:/usr/bin/containerd] builds=[]
2026-10-02 14:27:37 runner=[online busy=true] load1=1.64 rest_cpu=41.7% heavy=[ 438589:14.3%:/usr/lib/jvm/java-25-openjdk-amd64/bin/java] builds=[ 438589:14.3%]
2026-10-02 14:28:43 runner=[online busy=true] load1=1.32 rest_cpu=134.5% heavy=[ 814913:133.9%:/home/youndie/actions-runner/bin.2.337.0/Runner.Worker] builds=[]
2026-10-02 14:29:48 runner=[online busy=true] load1=1.37 rest_cpu=130.1% heavy=[ 438589:106.0%:/usr/lib/jvm/java-25-openjdk-amd64/bin/java] builds=[ 438589:106.0%]
2026-10-02 14:30:53 runner=[online busy=true] load1=0.92 rest_cpu=6.3% heavy=[] builds=[]
2026-10-02 14:31:57 runner=[online busy=true] load1=0.72 rest_cpu=22.5% heavy=[] builds=[]
2026-10-02 14:33:02 runner=[online busy=true] load1=0.84 rest_cpu=2.6% heavy=[] builds=[]
2026-10-02 14:34:07 runner=[online busy=true] load1=0.46 rest_cpu=67.9% heavy=[ 820557:38.0%:/home/youndie/actions-runner/bin.2.337.0/Runner.Worker] builds=[]
2026-10-02 14:35:13 runner=[online busy=true] load1=0.80 rest_cpu=340.2% heavy=[ 821699:317.6%:node] builds=[]
2026-10-02 14:36:20 runner=[online busy=true] load1=1.53 rest_cpu=520.6% heavy=[ 822648:467.5%:node 237810:22.2%:.mutagen/agents/0.18.1/mutagen-agent 237571:16.9%:.mutagen/agents/0.18.1/mutagen-agent] builds=[]
2026-10-02 14:37:25 runner=[online busy=true] load1=1.59 rest_cpu=89.3% heavy=[ 823578:87.7%:node] builds=[]
2026-10-02 14:38:30 runner=[online busy=true] load1=0.65 rest_cpu=3.2% heavy=[] builds=[]
2026-10-02 14:39:35 runner=[online busy=false] load1=0.54 rest_cpu=0% heavy=[] builds=[]
