#0 building with "default" instance using docker driver

#1 [internal] load build definition from scratch.Dockerfile
#1 transferring dockerfile: 6.19kB 0.0s done
#1 DONE 0.1s

#2 [internal] load metadata for docker.io/library/gradle:9.8.0-jdk25-noble
#2 DONE 1.3s

#3 [internal] load .dockerignore
#3 transferring context: 1.57kB done
#3 DONE 0.1s

#4 [stage-1 1/9] WORKDIR /data
#4 DONE 0.0s

#5 [build 1/5] FROM docker.io/library/gradle:9.8.0-jdk25-noble@sha256:c5c95b6e0b7828174efc6999515ced1f6d3084f3267b3b0250fdefa8e8336ec2
#5 resolve docker.io/library/gradle:9.8.0-jdk25-noble@sha256:c5c95b6e0b7828174efc6999515ced1f6d3084f3267b3b0250fdefa8e8336ec2 0.1s done
#5 DONE 0.1s

#6 [internal] load build context
#6 transferring context: 856.55kB 0.1s done
#6 DONE 0.2s

#7 [build 2/5] RUN apt-get update  && apt-get install -y --no-install-recommends g++ zlib1g-dev  && rm -rf /var/lib/apt/lists/*
#7 CACHED

#8 [build 3/5] WORKDIR /app
#8 CACHED

#9 [build 4/5] COPY . .
#9 DONE 0.2s

#10 [build 5/5] RUN --mount=type=cache,target=/root/.konan     --mount=type=cache,target=/root/.gradle     gradle :server:linkReleaseExecutableNative       -Pxyk.staticLink=true -Pxyk.httpClient=true -Pxyk.outbound=real       -Pxyk.allocator=paged-off --max-workers=2 --no-daemon  && cp server/build/bin/native/releaseExecutable/server.kexe /app/server.kexe  && readelf -d /app/server.kexe | head -20
#10 2.578 To honour the JVM settings for this build a single-use Daemon process will be forked. For more on this, please refer to https://docs.gradle.org/9.8.0/userguide/gradle_daemon.html#sec:disabling_the_daemon in the Gradle documentation.
#10 4.880 Daemon will be stopped at the end of the build 
#10 8.977 Calculating task graph as no cached configuration is available for tasks: :server:linkReleaseExecutableNative
#10 15.98 Type-safe project accessors is an incubating feature.
#10 34.88 
#10 34.88 > Configure project :server
#10 34.88 xyk build: httpClient=true outbound=real staticLink=true allocator=paged-off
#10 37.68 
#10 37.68 > Task :server:kmpPartiallyResolvedDependenciesChecker
#10 37.68 > Task :server:checkKotlinGradlePluginConfigurationErrors SKIPPED
#10 37.78 > Task :server:downloadKotlinNativeDistribution
#10 37.78 > Task :server:generateKoreBuildIdentity
#10 54.58 > Task :server:compileKotlinNative
#10 84.58 > Task :server:linkReleaseExecutableNative
#10 188.0 
#10 188.0 [Incubating] Problems report is available at: file:///app/build/reports/problems/problems-report.html
#10 188.0 
#10 188.0 Deprecated Gradle features were used in this build, making it incompatible with Gradle 10.
#10 188.0 
#10 188.0 You can use '--warning-mode all' to show the individual deprecation warnings and determine if they come from your own scripts or plugins.
#10 188.0 
#10 188.0 For more on this, please refer to https://docs.gradle.org/9.8.0/userguide/command_line_interface.html#sec:command_line_warnings in the Gradle documentation.
#10 188.0 
#10 188.0 BUILD SUCCESSFUL in 3m 6s
#10 188.0 5 actionable tasks: 5 executed
#10 188.0 Configuration cache entry stored.
#10 188.3 
#10 188.3 There is no dynamic section in this file.
#10 DONE 188.5s

#11 [stage-1 2/9] WORKDIR /app
#11 CACHED

#12 [stage-1 3/9] COPY --from=build /etc/ld.so.cache /etc/ld.so.cache
#12 CACHED

#13 [stage-1 4/9] COPY --from=build /lib/x86_64-linux-gnu/ld-linux-x86-64.so.2 /lib/x86_64-linux-gnu/ld-linux-x86-64.so.2
#13 CACHED

#14 [stage-1 5/9] COPY --from=build /lib/x86_64-linux-gnu/libc.so.6 /lib/x86_64-linux-gnu/libc.so.6
#14 CACHED

#15 [stage-1 6/9] COPY --from=build /usr/lib/x86_64-linux-gnu/gconv /usr/lib/x86_64-linux-gnu/gconv
#15 CACHED

#16 [stage-1 7/9] COPY --from=build /usr/share/zoneinfo /usr/share/zoneinfo
#16 CACHED

#17 [stage-1 8/9] COPY --from=build /etc/ssl/certs/ca-certificates.crt /etc/ssl/certs/ca-certificates.crt
#17 CACHED

#18 [stage-1 9/9] COPY --from=build /app/server.kexe /app/server
#18 DONE 0.2s

#19 exporting to image
#19 exporting layers
#19 exporting layers 1.0s done
#19 exporting manifest sha256:ecabec8ace833efd1f13591f554a4d4e8a78456a6251423414b95ed65d28b55b 0.0s done
#19 exporting config sha256:f4f5b76bddf8c67112570d3f866507c1e3a291303f97f196b7dd95f1a987e334 0.0s done
#19 exporting attestation manifest sha256:5552e0324ba19b36a7da957260c786e1ef09967f223ded1e4716b66772bc4b5a 0.1s done
#19 exporting manifest list sha256:d93a664ac14f6056a7d39ff29d8310f8c982c6122a3d14fb6ee245bc13e4740d
#19 exporting manifest list sha256:d93a664ac14f6056a7d39ff29d8310f8c982c6122a3d14fb6ee245bc13e4740d 0.0s done
#19 naming to docker.io/library/xyk-g1:paged-off-ship done
#19 unpacking to docker.io/library/xyk-g1:paged-off-ship
#19 unpacking to docker.io/library/xyk-g1:paged-off-ship 0.3s done
#19 DONE 1.5s

 [33m1 warning found (use docker --debug to expand):
[0m - FromPlatformFlagConstDisallowed: FROM --platform flag should not use constant value "linux/amd64" (line 23)
