quiet-check: 2026-10-02 15:20:39 runner=[online busy=true] load1=2.66 rest_cpu=437.3% heavy=[ 872979:362.8%:/home/youndie/actions-runner/_work/_tool/Java_Temurin-Hotspot_jdk/25.0.4-7.0.LTS/x64/bin/java 237571:29.2%:.mutagen/agents/0.18.1/mutagen-agent 237810:24.9%:.mutagen/agents/0.18.1/mutagen-agent] builds=[] -> NOISY
quiet-check: 2026-10-02 15:21:44 runner=[online busy=true] load1=2.00 rest_cpu=102.6% heavy=[ 872979:101.0%:/home/youndie/actions-runner/_work/_tool/Java_Temurin-Hotspot_jdk/25.0.4-7.0.LTS/x64/bin/java] builds=[] -> NOISY
quiet-check: 2026-10-02 15:22:49 runner=[online busy=true] load1=1.54 rest_cpu=118.7% heavy=[ 234:52.0%:/usr/bin/containerd 395:44.3%:/usr/bin/dockerd] builds=[] -> NOISY
quiet-check: 2026-10-02 15:23:54 runner=[online busy=true] load1=0.76 rest_cpu=71.1% heavy=[ 234:27.6%:/usr/bin/containerd 395:22.6%:/usr/bin/dockerd 876345:19.6%:/home/youndie/actions-runner/bin.2.337.0/Runner.Worker] builds=[] -> NOISY
quiet-check: 2026-10-02 15:24:59 runner=[online busy=true] load1=0.66 rest_cpu=37.3% heavy=[ 876726:20.9%:/home/youndie/actions-runner/bin.2.337.0/Runner.Worker] builds=[] -> NOISY
quiet-check: 2026-10-02 15:26:04 runner=[online busy=false] load1=0.84 rest_cpu=1% heavy=[] builds=[] -> QUIET
series start 2026-10-02 15:26:04
# host=DESKTOP-85OS64M kernel=6.6.87.2-microsoft-standard-WSL2 nproc_host=20 uptime=" 15:26:05 up 1 day, 16:13, 54 users,  load average: 0.84, 1.90, 2.96"
# commit=7704e0b61600ca0ca4d5ad6e21ea217b50745c3b dirty=0
# generator=grafana/k6:0.54.0 generator_cpus=12-19 subject_cpus=0-3 rate=200 connections=50 duration=30s limit=512m control=A0@6m lever=yes
# arm A0 = xyk-g1:paged-off|MALLOC_ARENA_MAX=2 image_id=sha256:5a352c9e7fdae8bb53446e6b65f6dde4119a3562622a71a614184f5e6dad0d7e
# arm A0b = xyk-g1:paged-off|MALLOC_ARENA_MAX=2 image_id=sha256:5a352c9e7fdae8bb53446e6b65f6dde4119a3562622a71a614184f5e6dad0d7e
# arm A1 = xyk-g1:paged-off image_id=sha256:5a352c9e7fdae8bb53446e6b65f6dde4119a3562622a71a614184f5e6dad0d7e
# arm C = xyk-g1:default image_id=sha256:4561f73c7e4fc26ac8857b4bd0e0b9fb55fcaf95cfd1da0cf3b0b3f43a472fdb
=== the positive control: A0 at 6m must be killed ===
control died as it must
=== 6 rounds per arm at 512m, interleaved ===
  round 1 done
  round 2 done
  round 3 done
  round 4 done
  round 5 done
  round 6 done
=== results ===
**Control** (6m): 2 of 2 killed.

| arm | survived | peak RSS kB (min–max) | threads (max) |
|---|---|---|---|
| `A0` | **6/6** | 100992–256496 | 97 |
| `A0b` | **6/6** | 39764–318904 | 93 |
| `A1` | **6/6** | 100092–330696 | 115 |
| `C` | **6/6** | 222700–353312 | 118 |
raw: /home/youndie/xyk-g1-raw/S3/results.csv
series rc=0 end 2026-10-02 15:40:18
post-check: 2026-10-02 15:40:23 runner=[online busy=false] load1=3.45 rest_cpu=1.6% heavy=[] builds=[]
runner jobs that started during the series: 0
