time="2026-10-02T13:15:24Z" level=warning msg="Insufficient VUs, reached 50 active VUs and cannot initialize more" executor=constant-arrival-rate scenario=ingest

     ✓ accepted

     checks.........................: 100.00% 5456 out of 5456
     data_received..................: 627 kB  21 kB/s
     data_sent......................: 1.6 MB  52 kB/s
     dropped_iterations.............: 545     18.149785/s
     http_req_blocked...............: avg=17.45µs  p(50)=9µs      p(95)=14.39µs  p(99)=241.02µs max=4.63ms  
     http_req_connecting............: avg=4.3µs    p(50)=0s       p(95)=0s       p(99)=0s       max=3.11ms  
   ✗ http_req_duration..............: avg=131.42ms p(50)=81.19ms  p(95)=422.91ms p(99)=492.38ms max=564.32ms
     ✗ { expected_response:true }...: avg=131.42ms p(50)=81.19ms  p(95)=422.91ms p(99)=492.38ms max=564.32ms
   ✓ http_req_failed................: 0.00%   0 out of 5456
     http_req_receiving.............: avg=126.12µs p(50)=101.56µs p(95)=222.35µs p(99)=510.93µs max=5.07ms  
     http_req_sending...............: avg=59.18µs  p(50)=45.56µs  p(95)=99.77µs  p(99)=204.08µs max=5.97ms  
     http_req_tls_handshaking.......: avg=0s       p(50)=0s       p(95)=0s       p(99)=0s       max=0s      
     http_req_waiting...............: avg=131.23ms p(50)=81.04ms  p(95)=422.63ms p(99)=492.22ms max=564.2ms 
     http_reqs......................: 5456    181.697668/s
     iteration_duration.............: avg=131.74ms p(50)=81.5ms   p(95)=423.17ms p(99)=492.65ms max=564.63ms
     iterations.....................: 5456    181.697668/s
     vus............................: 5       min=2            max=50
     vus_max........................: 50      min=50           max=50

time="2026-10-02T13:15:54Z" level=error msg="thresholds on metrics 'http_req_duration, http_req_duration{expected_response:true}' have been crossed"
