time="2026-10-02T13:08:24Z" level=warning msg="Insufficient VUs, reached 50 active VUs and cannot initialize more" executor=constant-arrival-rate scenario=ingest

     ✓ accepted

     checks.........................: 100.00% 5918 out of 5918
     data_received..................: 681 kB  23 kB/s
     data_sent......................: 1.7 MB  57 kB/s
     dropped_iterations.............: 83      2.763211/s
     http_req_blocked...............: avg=18.94µs  p(50)=8.51µs  p(95)=12.73µs  p(99)=87.92µs  max=27.71ms 
     http_req_connecting............: avg=3.73µs   p(50)=0s      p(95)=0s       p(99)=0s       max=1.04ms  
   ✗ http_req_duration..............: avg=63.62ms  p(50)=26.18ms p(95)=257.22ms p(99)=340.89ms max=391.9ms 
     ✓ { expected_response:true }...: avg=63.62ms  p(50)=26.18ms p(95)=257.22ms p(99)=340.89ms max=391.9ms 
   ✓ http_req_failed................: 0.00%   0 out of 5918
     http_req_receiving.............: avg=108.12µs p(50)=95.83µs p(95)=191.24µs p(99)=279.7µs  max=2.88ms  
     http_req_sending...............: avg=52.1µs   p(50)=45.92µs p(95)=91.87µs  p(99)=153.75µs max=852.58µs
     http_req_tls_handshaking.......: avg=0s       p(50)=0s      p(95)=0s       p(99)=0s       max=0s      
     http_req_waiting...............: avg=63.46ms  p(50)=26.04ms p(95)=257ms    p(99)=340.7ms  max=391.71ms
     http_reqs......................: 5918    197.020249/s
     iteration_duration.............: avg=63.91ms  p(50)=26.47ms p(95)=257.53ms p(99)=341.31ms max=392.17ms
     iterations.....................: 5918    197.020249/s
     vus............................: 10      min=1            max=50
     vus_max........................: 50      min=50           max=50

time="2026-10-02T13:08:53Z" level=error msg="thresholds on metrics 'http_req_duration' have been crossed"
