time="2026-10-02T13:18:20Z" level=warning msg="Insufficient VUs, reached 50 active VUs and cannot initialize more" executor=constant-arrival-rate scenario=ingest

     ✓ accepted

     checks.........................: 100.00% 5966 out of 5966
     data_received..................: 686 kB  23 kB/s
     data_sent......................: 1.7 MB  57 kB/s
     dropped_iterations.............: 35      1.166427/s
     http_req_blocked...............: avg=9.96µs  p(50)=6.2µs   p(95)=11.04µs  p(99)=69.64µs  max=901.4µs 
     http_req_connecting............: avg=2.17µs  p(50)=0s      p(95)=0s       p(99)=0s       max=802.41µs
   ✗ http_req_duration..............: avg=28.41ms p(50)=8.39ms  p(95)=172.76ms p(99)=284.59ms max=430.45ms
     ✓ { expected_response:true }...: avg=28.41ms p(50)=8.39ms  p(95)=172.76ms p(99)=284.59ms max=430.45ms
   ✓ http_req_failed................: 0.00%   0 out of 5966
     http_req_receiving.............: avg=70.29µs p(50)=59.96µs p(95)=147.06µs p(99)=212.49µs max=2.04ms  
     http_req_sending...............: avg=34.52µs p(50)=27.42µs p(95)=71.8µs   p(99)=107.56µs max=3.34ms  
     http_req_tls_handshaking.......: avg=0s      p(50)=0s      p(95)=0s       p(99)=0s       max=0s      
     http_req_waiting...............: avg=28.31ms p(50)=8.3ms   p(95)=172.62ms p(99)=284.34ms max=430.32ms
     http_reqs......................: 5966    198.825858/s
     iteration_duration.............: avg=28.64ms p(50)=8.54ms  p(95)=173.02ms p(99)=284.91ms max=430.71ms
     iterations.....................: 5966    198.825858/s
     vus............................: 1       min=1            max=43
     vus_max........................: 50      min=50           max=50

time="2026-10-02T13:18:41Z" level=error msg="thresholds on metrics 'http_req_duration' have been crossed"
