time="2026-10-02T13:14:50Z" level=warning msg="Insufficient VUs, reached 50 active VUs and cannot initialize more" executor=constant-arrival-rate scenario=ingest

     ✓ accepted

     checks.........................: 100.00% 5972 out of 5972
     data_received..................: 687 kB  23 kB/s
     data_sent......................: 1.7 MB  57 kB/s
     dropped_iterations.............: 29      0.961383/s
     http_req_blocked...............: avg=13.6µs   p(50)=9.11µs   p(95)=13.46µs  p(99)=99.15µs  max=818.09µs
     http_req_connecting............: avg=2.68µs   p(50)=0s       p(95)=0s       p(99)=0s       max=726.66µs
   ✗ http_req_duration..............: avg=58.5ms   p(50)=31.01ms  p(95)=219.14ms p(99)=274.41ms max=354.43ms
     ✓ { expected_response:true }...: avg=58.5ms   p(50)=31.01ms  p(95)=219.14ms p(99)=274.41ms max=354.43ms
   ✓ http_req_failed................: 0.00%   0 out of 5972
     http_req_receiving.............: avg=118.29µs p(50)=103.06µs p(95)=207.31µs p(99)=344.14µs max=2.7ms   
     http_req_sending...............: avg=56.16µs  p(50)=49.52µs  p(95)=98.05µs  p(99)=159.2µs  max=2.44ms  
     http_req_tls_handshaking.......: avg=0s       p(50)=0s       p(95)=0s       p(99)=0s       max=0s      
     http_req_waiting...............: avg=58.33ms  p(50)=30.85ms  p(95)=218.74ms p(99)=274.23ms max=354.27ms
     http_reqs......................: 5972    197.978697/s
     iteration_duration.............: avg=58.81ms  p(50)=31.32ms  p(95)=219.37ms p(99)=274.68ms max=354.7ms 
     iterations.....................: 5972    197.978697/s
     vus............................: 40      min=1            max=46
     vus_max........................: 50      min=50           max=50

time="2026-10-02T13:15:19Z" level=error msg="thresholds on metrics 'http_req_duration' have been crossed"
