quiet-check: 2026-10-02 14:49:32 runner=[online busy=true] load1=8.58 rest_cpu=8.1% heavy=[] builds=[] -> NOISY
quiet-check: 2026-10-02 14:50:37 runner=[online busy=false] load1=3.75 rest_cpu=31.1% heavy=[] builds=[] -> NOISY
quiet-check: 2026-10-02 14:51:42 runner=[online busy=true] load1=3.42 rest_cpu=112.3% heavy=[ 840208:110.6%:/home/youndie/actions-runner/_work/_tool/Java_Temurin-Hotspot_jdk/25.0.4-7.0.LTS/x64/bin/java] builds=[] -> NOISY
quiet-check: 2026-10-02 14:52:47 runner=[online busy=true] load1=2.19 rest_cpu=139.5% heavy=[ 840208:101.7%:/home/youndie/actions-runner/_work/_tool/Java_Temurin-Hotspot_jdk/25.0.4-7.0.LTS/x64/bin/java 237571:14.6%:.mutagen/agents/0.18.1/mutagen-agent 237810:12.0%:.mutagen/agents/0.18.1/mutagen-agent] builds=[] -> NOISY
quiet-check: 2026-10-02 14:53:52 runner=[online busy=true] load1=1.54 rest_cpu=116.9% heavy=[ 395:60.8%:/usr/bin/dockerd 234:40.2%:/usr/bin/containerd] builds=[] -> NOISY
quiet-check: 2026-10-02 14:54:57 runner=[online busy=true] load1=1.48 rest_cpu=129.2% heavy=[ 234:38.7%:/usr/bin/containerd 395:34.3%:/usr/bin/dockerd 842990:33.0%:/home/youndie/actions-runner/bin.2.337.0/Runner.Worker] builds=[] -> NOISY
quiet-check: 2026-10-02 14:56:02 runner=[online busy=true] load1=2.08 rest_cpu=751.2% heavy=[ 844224:657.5%:/usr/lib/jvm/java-25-openjdk-amd64/bin/java 438589:79.4%:/usr/lib/jvm/java-25-openjdk-amd64/bin/java] builds=[ 438589:79.4%] -> NOISY
quiet-check: 2026-10-02 14:57:18 runner=[online busy=true] load1=3.90 rest_cpu=419.2% heavy=[ 846109:415.3%:node] builds=[] -> NOISY
quiet-check: 2026-10-02 14:58:23 runner=[online busy=true] load1=2.83 rest_cpu=6.3% heavy=[] builds=[] -> NOISY
quiet-check: 2026-10-02 14:59:28 runner=[online busy=true] load1=2.82 rest_cpu=608.8% heavy=[ 847790:554.8%:/home/youndie/actions-runner/_work/_tool/Java_Temurin-Hotspot_jdk/25.0.4-7.0.LTS/x64/bin/java 237571:12.6%:.mutagen/agents/0.18.1/mutagen-agent 237810:10.6%:.mutagen/agents/0.18.1/mutagen-agent] builds=[] -> NOISY
quiet-check: 2026-10-02 15:00:34 runner=[online busy=true] load1=5.20 rest_cpu=500.8% heavy=[ 847790:368.4%:/home/youndie/actions-runner/_work/_tool/Java_Temurin-Hotspot_jdk/25.0.4-7.0.LTS/x64/bin/java 438589:101.3%:/usr/lib/jvm/java-25-openjdk-amd64/bin/java 825685:15.0%:/home/youndie/.embedmongo/fileSets/eb72057e94e03950d2911ade73225afdf14e0ed12ece8b3bb60a955b17a983e6/mongod] builds=[ 438589:101.3%] -> NOISY
quiet-check: 2026-10-02 15:01:41 runner=[online busy=true] load1=4.01 rest_cpu=112.2% heavy=[ 847790:102.3%:/home/youndie/actions-runner/_work/_tool/Java_Temurin-Hotspot_jdk/25.0.4-7.0.LTS/x64/bin/java] builds=[] -> NOISY
quiet-check: 2026-10-02 15:02:47 runner=[online busy=true] load1=2.17 rest_cpu=139.5% heavy=[ 847790:101.7%:/home/youndie/actions-runner/_work/_tool/Java_Temurin-Hotspot_jdk/25.0.4-7.0.LTS/x64/bin/java] builds=[] -> NOISY
quiet-check: 2026-10-02 15:03:53 runner=[online busy=true] load1=1.52 rest_cpu=119.3% heavy=[ 851966:53.2%:/home/youndie/actions-runner/externals/node24/bin/node 847790:34.6%:/home/youndie/actions-runner/_work/_tool/Java_Temurin-Hotspot_jdk/25.0.4-7.0.LTS/x64/bin/java 846768:27.6%:/home/youndie/actions-runner/bin.2.337.0/Runner.Worker] builds=[] -> NOISY
quiet-check: 2026-10-02 15:04:57 runner=[online busy=false] load1=1.59 rest_cpu=45.9% heavy=[ 853324:20.9%:/home/youndie/actions-runner/bin.2.337.0/Runner.Worker] builds=[] -> QUIET
series start 2026-10-02 15:04:58
# host=DESKTOP-85OS64M kernel=6.6.87.2-microsoft-standard-WSL2 nproc_host=20 uptime=" 15:04:58 up 1 day, 15:51, 54 users,  load average: 1.46, 2.54, 3.06"
# commit=7704e0b61600ca0ca4d5ad6e21ea217b50745c3b dirty=0
# generator=grafana/k6:0.54.0 generator_cpus=12-19 subject_cpus=0-3 rate=200 connections=50 duration=30s limit=64m control=A0@6m lever=yes
# arm A0 = xyk-g1:paged-off|MALLOC_ARENA_MAX=2 image_id=sha256:5a352c9e7fdae8bb53446e6b65f6dde4119a3562622a71a614184f5e6dad0d7e
# arm A0b = xyk-g1:paged-off|MALLOC_ARENA_MAX=2 image_id=sha256:5a352c9e7fdae8bb53446e6b65f6dde4119a3562622a71a614184f5e6dad0d7e
# arm A1 = xyk-g1:paged-off image_id=sha256:5a352c9e7fdae8bb53446e6b65f6dde4119a3562622a71a614184f5e6dad0d7e
# arm C = xyk-g1:default image_id=sha256:4561f73c7e4fc26ac8857b4bd0e0b9fb55fcaf95cfd1da0cf3b0b3f43a472fdb
=== the positive control: A0 at 6m must be killed ===
control died as it must
=== 6 rounds per arm at 64m, interleaved ===
  round 1 done
  round 2 done
  round 3 done
  round 4 done
  round 5 done
  round 6 done
=== results ===
**Control** (6m): 2 of 2 killed.

| arm | survived | peak RSS kB (min–max) | threads (max) |
|---|---|---|---|
| `A0` | **6/6** | 65544–65720 | 111 |
| `A0b` | **6/6** | 65540–65688 | 80 |
| `A1` | **6/6** | 65544–65720 | 115 |
| `C` | **0/6** | — | — |
raw: /home/youndie/xyk-g1-raw/S1/results.csv
series rc=0 end 2026-10-02 15:19:49
post-check: 2026-10-02 15:19:55 runner=[online busy=true] load1=2.83 rest_cpu=307.2% heavy=[ 872979:305.0%:/home/youndie/actions-runner/_work/_tool/Java_Temurin-Hotspot_jdk/25.0.4-7.0.LTS/x64/bin/java] builds=[]
runner jobs that started during the series: 4
