time="2026-10-02T14:19:35Z" level=warning msg="Insufficient VUs, reached 200 active VUs and cannot initialize more" executor=constant-arrival-rate scenario=ingest

     ✓ accepted

     checks.........................: 100.00% 21221 out of 21221
     data_received..................: 2.4 MB  81 kB/s
     data_sent......................: 6.1 MB  202 kB/s
     dropped_iterations.............: 38780   1282.877118/s
     http_req_blocked...............: avg=1.73ms   p(50)=2.22µs   p(95)=4.56µs   p(99)=47µs    max=1.03s   
     http_req_connecting............: avg=1.73ms   p(50)=0s       p(95)=0s       p(99)=0s      max=1.03s   
   ✗ http_req_duration..............: avg=280.61ms p(50)=247.81ms p(95)=402.86ms p(99)=1s      max=1.7s    
     ✗ { expected_response:true }...: avg=280.61ms p(50)=247.81ms p(95)=402.86ms p(99)=1s      max=1.7s    
   ✓ http_req_failed................: 0.00%   0 out of 21221
     http_req_receiving.............: avg=31.72µs  p(50)=27.42µs  p(95)=58.62µs  p(99)=85.56µs max=364.5µs 
     http_req_sending...............: avg=13.24µs  p(50)=10.45µs  p(95)=26.69µs  p(99)=60.68µs max=442.59µs
     http_req_tls_handshaking.......: avg=0s       p(50)=0s       p(95)=0s       p(99)=0s      max=0s      
     http_req_waiting...............: avg=280.57ms p(50)=247.76ms p(95)=402.81ms p(99)=1s      max=1.7s    
     http_reqs......................: 21221   702.009678/s
     iteration_duration.............: avg=282.42ms p(50)=248.07ms p(95)=408ms    p(99)=1.1s    max=1.7s    
     iterations.....................: 21221   702.009678/s
     vus............................: 200     min=199            max=200
     vus_max........................: 200     min=200            max=200

time="2026-10-02T14:20:06Z" level=error msg="thresholds on metrics 'http_req_duration, http_req_duration{expected_response:true}' have been crossed"
