time="2026-10-02T14:23:26Z" level=warning msg="Insufficient VUs, reached 200 active VUs and cannot initialize more" executor=constant-arrival-rate scenario=ingest

     ✓ accepted

     checks.........................: 100.00% 23379 out of 23379
     data_received..................: 2.7 MB  89 kB/s
     data_sent......................: 6.7 MB  222 kB/s
     dropped_iterations.............: 36623   1212.068501/s
     http_req_blocked...............: avg=1.59ms   p(50)=2.19µs   p(95)=4.14µs   p(99)=21.98µs  max=1.01s   
     http_req_connecting............: avg=1.58ms   p(50)=0s       p(95)=0s       p(99)=0s       max=1.01s   
   ✗ http_req_duration..............: avg=254.5ms  p(50)=236.86ms p(95)=343.21ms p(99)=688.57ms max=1.25s   
     ✗ { expected_response:true }...: avg=254.5ms  p(50)=236.86ms p(95)=343.21ms p(99)=688.57ms max=1.25s   
   ✓ http_req_failed................: 0.00%   0 out of 23379
     http_req_receiving.............: avg=30.43µs  p(50)=26.7µs   p(95)=54.67µs  p(99)=79.89µs  max=543.69µs
     http_req_sending...............: avg=12.93µs  p(50)=10.22µs  p(95)=23.69µs  p(99)=59.3µs   max=2.36ms  
     http_req_tls_handshaking.......: avg=0s       p(50)=0s       p(95)=0s       p(99)=0s       max=0s      
     http_req_waiting...............: avg=254.46ms p(50)=236.82ms p(95)=343.15ms p(99)=688.5ms  max=1.25s   
     http_reqs......................: 23379   773.747358/s
     iteration_duration.............: avg=256.16ms p(50)=237.16ms p(95)=344.25ms p(99)=770.68ms max=1.25s   
     iterations.....................: 23379   773.747358/s
     vus............................: 200     min=199            max=200
     vus_max........................: 200     min=200            max=200

time="2026-10-02T14:23:56Z" level=error msg="thresholds on metrics 'http_req_duration, http_req_duration{expected_response:true}' have been crossed"
