time="2026-10-02T14:19:02Z" level=warning msg="Insufficient VUs, reached 200 active VUs and cannot initialize more" executor=constant-arrival-rate scenario=ingest

     ✓ accepted

     checks.........................: 100.00% 23544 out of 23544
     data_received..................: 2.7 MB  89 kB/s
     data_sent......................: 6.8 MB  223 kB/s
     dropped_iterations.............: 36457   1201.031916/s
     http_req_blocked...............: avg=1.27ms   p(50)=2.17µs   p(95)=4.08µs   p(99)=20.53µs  max=1.03s   
     http_req_connecting............: avg=1.27ms   p(50)=0s       p(95)=0s       p(99)=0s       max=1.03s   
   ✗ http_req_duration..............: avg=253.69ms p(50)=243.31ms p(95)=348.85ms p(99)=421.35ms max=455.35ms
     ✗ { expected_response:true }...: avg=253.69ms p(50)=243.31ms p(95)=348.85ms p(99)=421.35ms max=455.35ms
   ✓ http_req_failed................: 0.00%   0 out of 23544
     http_req_receiving.............: avg=30.47µs  p(50)=26.86µs  p(95)=53.44µs  p(99)=77.29µs  max=335.02µs
     http_req_sending...............: avg=12.83µs  p(50)=10.21µs  p(95)=23.48µs  p(99)=57.68µs  max=938.85µs
     http_req_tls_handshaking.......: avg=0s       p(50)=0s       p(95)=0s       p(99)=0s       max=0s      
     http_req_waiting...............: avg=253.65ms p(50)=243.27ms p(95)=348.79ms p(99)=421.3ms  max=455.31ms
     http_reqs......................: 23544   775.628698/s
     iteration_duration.............: avg=255.04ms p(50)=243.45ms p(95)=349.49ms p(99)=424.18ms max=1.27s   
     iterations.....................: 23544   775.628698/s
     vus............................: 200     min=199            max=200
     vus_max........................: 200     min=200            max=200

time="2026-10-02T14:19:33Z" level=error msg="thresholds on metrics 'http_req_duration, http_req_duration{expected_response:true}' have been crossed"
