time="2026-10-02T14:22:53Z" level=warning msg="Insufficient VUs, reached 200 active VUs and cannot initialize more" executor=constant-arrival-rate scenario=ingest

     ✓ accepted

     checks.........................: 100.00% 19535 out of 19535
     data_received..................: 2.2 MB  74 kB/s
     data_sent......................: 5.6 MB  185 kB/s
     dropped_iterations.............: 40466   1331.349511/s
     http_req_blocked...............: avg=1.76ms   p(50)=2.3µs    p(95)=4.69µs   p(99)=66.91µs  max=1s     
     http_req_connecting............: avg=1.75ms   p(50)=0s       p(95)=0s       p(99)=39.81µs  max=1s     
   ✗ http_req_duration..............: avg=305.85ms p(50)=254.76ms p(95)=618.01ms p(99)=864.94ms max=1.34s  
     ✗ { expected_response:true }...: avg=305.85ms p(50)=254.76ms p(95)=618.01ms p(99)=864.94ms max=1.34s  
   ✓ http_req_failed................: 0.00%   0 out of 19535
     http_req_receiving.............: avg=38.95µs  p(50)=29µs     p(95)=60.19µs  p(99)=90.77µs  max=19.99ms
     http_req_sending...............: avg=23.08µs  p(50)=11.16µs  p(95)=29.7µs   p(99)=60.11µs  max=29.58ms
     http_req_tls_handshaking.......: avg=0s       p(50)=0s       p(95)=0s       p(99)=0s       max=0s     
     http_req_waiting...............: avg=305.79ms p(50)=254.71ms p(95)=617.94ms p(99)=864.87ms max=1.34s  
     http_reqs......................: 19535   642.710243/s
     iteration_duration.............: avg=307.69ms p(50)=254.83ms p(95)=618.13ms p(99)=940.04ms max=1.79s  
     iterations.....................: 19535   642.710243/s
     vus............................: 199     min=199            max=200
     vus_max........................: 200     min=200            max=200

time="2026-10-02T14:23:23Z" level=error msg="thresholds on metrics 'http_req_duration, http_req_duration{expected_response:true}' have been crossed"
