time="2026-10-02T14:17:56Z" level=warning msg="Insufficient VUs, reached 200 active VUs and cannot initialize more" executor=constant-arrival-rate scenario=ingest

     ✓ accepted

     checks.........................: 100.00% 21280 out of 21280
     data_received..................: 2.4 MB  81 kB/s
     data_sent......................: 6.1 MB  201 kB/s
     dropped_iterations.............: 38721   1275.412716/s
     http_req_blocked...............: avg=631.5µs  p(50)=2.24µs   p(95)=4.68µs   p(99)=46.08µs max=1s      
     http_req_connecting............: avg=628.47µs p(50)=0s       p(95)=0s       p(99)=0s      max=1s      
   ✗ http_req_duration..............: avg=281.51ms p(50)=224.98ms p(95)=494.97ms p(99)=1.25s   max=1.7s    
     ✗ { expected_response:true }...: avg=281.51ms p(50)=224.98ms p(95)=494.97ms p(99)=1.25s   max=1.7s    
   ✓ http_req_failed................: 0.00%   0 out of 21280
     http_req_receiving.............: avg=32.22µs  p(50)=27.63µs  p(95)=59.14µs  p(99)=86.69µs max=1.4ms   
     http_req_sending...............: avg=13.36µs  p(50)=10.42µs  p(95)=27.62µs  p(99)=58.48µs max=776.99µs
     http_req_tls_handshaking.......: avg=0s       p(50)=0s       p(95)=0s       p(99)=0s      max=0s      
     http_req_waiting...............: avg=281.46ms p(50)=224.93ms p(95)=494.91ms p(99)=1.25s   max=1.7s    
     http_reqs......................: 21280   700.931861/s
     iteration_duration.............: avg=282.21ms p(50)=225.04ms p(95)=495.07ms p(99)=1.26s   max=1.77s   
     iterations.....................: 21280   700.931861/s
     vus............................: 200     min=198            max=200
     vus_max........................: 200     min=200            max=200

time="2026-10-02T14:18:27Z" level=error msg="thresholds on metrics 'http_req_duration, http_req_duration{expected_response:true}' have been crossed"
