time="2026-10-02T14:21:46Z" level=warning msg="Insufficient VUs, reached 200 active VUs and cannot initialize more" executor=constant-arrival-rate scenario=ingest

     ✓ accepted

     checks.........................: 100.00% 20949 out of 20949
     data_received..................: 2.4 MB  79 kB/s
     data_sent......................: 6.0 MB  198 kB/s
     dropped_iterations.............: 39052   1283.049313/s
     http_req_blocked...............: avg=1.78ms   p(50)=2.31µs   p(95)=4.59µs   p(99)=46.68µs  max=1.03s   
     http_req_connecting............: avg=1.78ms   p(50)=0s       p(95)=0s       p(99)=0s       max=1.03s   
   ✗ http_req_duration..............: avg=285.21ms p(50)=248.93ms p(95)=479.46ms p(99)=508.88ms max=542.74ms
     ✗ { expected_response:true }...: avg=285.21ms p(50)=248.93ms p(95)=479.46ms p(99)=508.88ms max=542.74ms
   ✓ http_req_failed................: 0.00%   0 out of 20949
     http_req_receiving.............: avg=32.33µs  p(50)=28.51µs  p(95)=57.44µs  p(99)=80.05µs  max=386.61µs
     http_req_sending...............: avg=13.96µs  p(50)=11.15µs  p(95)=28.08µs  p(99)=57.83µs  max=1.41ms  
     http_req_tls_handshaking.......: avg=0s       p(50)=0s       p(95)=0s       p(99)=0s       max=0s      
     http_req_waiting...............: avg=285.16ms p(50)=248.89ms p(95)=479.38ms p(99)=508.78ms max=542.69ms
     http_reqs......................: 20949   688.27717/s
     iteration_duration.............: avg=287.07ms p(50)=249.24ms p(95)=480.2ms  p(99)=511.63ms max=1.26s   
     iterations.....................: 20949   688.27717/s
     vus............................: 199     min=198            max=200
     vus_max........................: 200     min=200            max=200

time="2026-10-02T14:22:17Z" level=error msg="thresholds on metrics 'http_req_duration, http_req_duration{expected_response:true}' have been crossed"
