time="2026-10-02T13:44:37Z" level=warning msg="Insufficient VUs, reached 200 active VUs and cannot initialize more" executor=constant-arrival-rate scenario=ingest

     ✓ accepted

     checks.........................: 100.00% 11069 out of 11069
     data_received..................: 1.3 MB  42 kB/s
     data_sent......................: 3.2 MB  105 kB/s
     dropped_iterations.............: 48933   1610.732719/s
     http_req_blocked...............: avg=4.6ms    p(50)=5.31µs   p(95)=10.41µs  p(99)=1.08ms   max=1.06s 
     http_req_connecting............: avg=4.55ms   p(50)=0s       p(95)=0s       p(99)=661.1µs  max=1.03s 
   ✗ http_req_duration..............: avg=538.29ms p(50)=519.67ms p(95)=702.69ms p(99)=1.45s    max=1.56s 
     ✗ { expected_response:true }...: avg=538.29ms p(50)=519.67ms p(95)=702.69ms p(99)=1.45s    max=1.56s 
   ✓ http_req_failed................: 0.00%   0 out of 11069
     http_req_receiving.............: avg=70.97µs  p(50)=61.04µs  p(95)=125.28µs p(99)=202.67µs max=7.8ms 
     http_req_sending...............: avg=40.91µs  p(50)=24.47µs  p(95)=71.69µs  p(99)=280.91µs max=9.07ms
     http_req_tls_handshaking.......: avg=0s       p(50)=0s       p(95)=0s       p(99)=0s       max=0s    
     http_req_waiting...............: avg=538.18ms p(50)=519.51ms p(95)=702.56ms p(99)=1.45s    max=1.56s 
     http_reqs......................: 11069   364.35944/s
     iteration_duration.............: avg=543.08ms p(50)=520.34ms p(95)=717.96ms p(99)=1.45s    max=1.56s 
     iterations.....................: 11069   364.35944/s
     vus............................: 199     min=199            max=200
     vus_max........................: 200     min=200            max=200

time="2026-10-02T13:45:07Z" level=error msg="thresholds on metrics 'http_req_duration, http_req_duration{expected_response:true}' have been crossed"
