time="2026-10-02T13:48:33Z" level=warning msg="Insufficient VUs, reached 200 active VUs and cannot initialize more" executor=constant-arrival-rate scenario=ingest

     ✓ accepted

     checks.........................: 100.00% 23116 out of 23116
     data_received..................: 2.7 MB  88 kB/s
     data_sent......................: 6.6 MB  219 kB/s
     dropped_iterations.............: 36885   1217.443728/s
     http_req_blocked...............: avg=1.52ms   p(50)=2.25µs   p(95)=4.34µs   p(99)=25.6µs   max=1.02s   
     http_req_connecting............: avg=1.51ms   p(50)=0s       p(95)=0s       p(99)=0s       max=1.02s   
   ✗ http_req_duration..............: avg=258.02ms p(50)=248.29ms p(95)=345.01ms p(99)=406.74ms max=456.45ms
     ✗ { expected_response:true }...: avg=258.02ms p(50)=248.29ms p(95)=345.01ms p(99)=406.74ms max=456.45ms
   ✓ http_req_failed................: 0.00%   0 out of 23116
     http_req_receiving.............: avg=31.52µs  p(50)=27.79µs  p(95)=56.77µs  p(99)=84.57µs  max=282.71µs
     http_req_sending...............: avg=13.13µs  p(50)=10.62µs  p(95)=24.56µs  p(99)=59.71µs  max=920.15µs
     http_req_tls_handshaking.......: avg=0s       p(50)=0s       p(95)=0s       p(99)=0s       max=0s      
     http_req_waiting...............: avg=257.98ms p(50)=248.25ms p(95)=344.96ms p(99)=406.7ms  max=456.4ms 
     http_reqs......................: 23116   762.977612/s
     iteration_duration.............: avg=259.62ms p(50)=248.48ms p(95)=346.31ms p(99)=410.03ms max=1.26s   
     iterations.....................: 23116   762.977612/s
     vus............................: 200     min=199            max=200
     vus_max........................: 200     min=200            max=200

time="2026-10-02T13:49:04Z" level=error msg="thresholds on metrics 'http_req_duration, http_req_duration{expected_response:true}' have been crossed"
