time="2026-10-02T13:46:20Z" level=warning msg="Insufficient VUs, reached 200 active VUs and cannot initialize more" executor=constant-arrival-rate scenario=ingest

     ✓ accepted

     checks.........................: 100.00% 17614 out of 17614
     data_received..................: 2.0 MB  67 kB/s
     data_sent......................: 5.1 MB  167 kB/s
     dropped_iterations.............: 42384   1402.294066/s
     http_req_blocked...............: avg=1.96ms   p(50)=2.56µs   p(95)=5.97µs   p(99)=103.77µs max=1.01s 
     http_req_connecting............: avg=1.96ms   p(50)=0s       p(95)=0s       p(99)=71.78µs  max=1.01s 
   ✗ http_req_duration..............: avg=338.22ms p(50)=270.22ms p(95)=611.6ms  p(99)=1.91s    max=2.06s 
     ✗ { expected_response:true }...: avg=338.22ms p(50)=270.22ms p(95)=611.6ms  p(99)=1.91s    max=2.06s 
   ✓ http_req_failed................: 0.00%   0 out of 17614
     http_req_receiving.............: avg=36.79µs  p(50)=29.92µs  p(95)=71.24µs  p(99)=106.96µs max=7.74ms
     http_req_sending...............: avg=16.95µs  p(50)=11.86µs  p(95)=34.58µs  p(99)=69.55µs  max=4.51ms
     http_req_tls_handshaking.......: avg=0s       p(50)=0s       p(95)=0s       p(99)=0s       max=0s    
     http_req_waiting...............: avg=338.16ms p(50)=270.17ms p(95)=611.56ms p(99)=1.91s    max=2.06s 
     http_reqs......................: 17614   582.767263/s
     iteration_duration.............: avg=340.27ms p(50)=270.53ms p(95)=647.19ms p(99)=1.91s    max=2.06s 
     iterations.....................: 17614   582.767263/s
     vus............................: 200     min=199            max=200
     vus_max........................: 200     min=200            max=200

time="2026-10-02T13:46:51Z" level=error msg="thresholds on metrics 'http_req_duration, http_req_duration{expected_response:true}' have been crossed"
