time="2026-10-02T13:47:26Z" level=warning msg="Insufficient VUs, reached 200 active VUs and cannot initialize more" executor=constant-arrival-rate scenario=ingest

     ✓ accepted

     checks.........................: 100.00% 14488 out of 14488
     data_received..................: 1.7 MB  55 kB/s
     data_sent......................: 4.2 MB  138 kB/s
     dropped_iterations.............: 45511   1507.950054/s
     http_req_blocked...............: avg=2.41ms   p(50)=2.8µs    p(95)=6.98µs  p(99)=150.94µs max=1.03s 
     http_req_connecting............: avg=2.4ms    p(50)=0s       p(95)=0s      p(99)=98.5µs   max=1.03s 
   ✗ http_req_duration..............: avg=411.14ms p(50)=304.25ms p(95)=1.23s   p(99)=1.53s    max=1.7s  
     ✗ { expected_response:true }...: avg=411.14ms p(50)=304.25ms p(95)=1.23s   p(99)=1.53s    max=1.7s  
   ✓ http_req_failed................: 0.00%   0 out of 14488
     http_req_receiving.............: avg=41.45µs  p(50)=32.84µs  p(95)=83.85µs p(99)=130.18µs max=4.31ms
     http_req_sending...............: avg=17.75µs  p(50)=13.09µs  p(95)=38.61µs p(99)=77.53µs  max=3.14ms
     http_req_tls_handshaking.......: avg=0s       p(50)=0s       p(95)=0s      p(99)=0s       max=0s    
     http_req_waiting...............: avg=411.08ms p(50)=304.21ms p(95)=1.23s   p(99)=1.53s    max=1.7s  
     http_reqs......................: 14488   480.041757/s
     iteration_duration.............: avg=413.65ms p(50)=304.87ms p(95)=1.24s   p(99)=1.53s    max=1.7s  
     iterations.....................: 14488   480.041757/s
     vus............................: 200     min=198            max=200
     vus_max........................: 200     min=200            max=200

time="2026-10-02T13:47:58Z" level=error msg="thresholds on metrics 'http_req_duration, http_req_duration{expected_response:true}' have been crossed"
