time="2026-10-02T13:45:15Z" level=warning msg="Insufficient VUs, reached 200 active VUs and cannot initialize more" executor=constant-arrival-rate scenario=ingest

     ✓ accepted

     checks.........................: 100.00% 16531 out of 16531
     data_received..................: 1.9 MB  63 kB/s
     data_sent......................: 4.7 MB  157 kB/s
     dropped_iterations.............: 43470   1436.931494/s
     http_req_blocked...............: avg=26.06µs  p(50)=2.72µs   p(95)=6.59µs p(99)=93.44µs  max=26.2ms 
     http_req_connecting............: avg=21.22µs  p(50)=0s       p(95)=0s     p(99)=52.31µs  max=26.17ms
   ✗ http_req_duration..............: avg=362.78ms p(50)=277.96ms p(95)=1.08s  p(99)=1.57s    max=1.71s  
     ✗ { expected_response:true }...: avg=362.78ms p(50)=277.96ms p(95)=1.08s  p(99)=1.57s    max=1.71s  
   ✓ http_req_failed................: 0.00%   0 out of 16531
     http_req_receiving.............: avg=38.08µs  p(50)=31.26µs  p(95)=75.3µs p(99)=117.22µs max=2.67ms 
     http_req_sending...............: avg=16.95µs  p(50)=12.63µs  p(95)=36.4µs p(99)=72.07µs  max=1.95ms 
     http_req_tls_handshaking.......: avg=0s       p(50)=0s       p(95)=0s     p(99)=0s       max=0s     
     http_req_waiting...............: avg=362.73ms p(50)=277.91ms p(95)=1.08s  p(99)=1.57s    max=1.71s  
     http_reqs......................: 16531   546.443858/s
     iteration_duration.............: avg=362.9ms  p(50)=278.04ms p(95)=1.08s  p(99)=1.57s    max=1.71s  
     iterations.....................: 16531   546.443858/s
     vus............................: 200     min=199            max=200
     vus_max........................: 200     min=200            max=200

time="2026-10-02T13:45:45Z" level=error msg="thresholds on metrics 'http_req_duration, http_req_duration{expected_response:true}' have been crossed"
