time="2026-10-02T13:50:12Z" level=warning msg="Insufficient VUs, reached 200 active VUs and cannot initialize more" executor=constant-arrival-rate scenario=ingest

     ✓ accepted

     checks.........................: 100.00% 13539 out of 13539
     data_received..................: 1.6 MB  49 kB/s
     data_sent......................: 3.9 MB  122 kB/s
     dropped_iterations.............: 46459   1455.19634/s
     http_req_blocked...............: avg=2.73ms   p(50)=2.87µs   p(95)=7.81µs  p(99)=118.65µs max=1.01s  
     http_req_connecting............: avg=2.72ms   p(50)=0s       p(95)=0s      p(99)=86.75µs  max=1.01s  
   ✗ http_req_duration..............: avg=452.15ms p(50)=313.74ms p(95)=1.27s   p(99)=2.07s    max=2.15s  
     ✗ { expected_response:true }...: avg=452.15ms p(50)=313.74ms p(95)=1.27s   p(99)=2.07s    max=2.15s  
   ✓ http_req_failed................: 0.00%   0 out of 13539
     http_req_receiving.............: avg=42.97µs  p(50)=33.6µs   p(95)=95.28µs p(99)=146.98µs max=458.4µs
     http_req_sending...............: avg=20.21µs  p(50)=13.34µs  p(95)=41.91µs p(99)=80.68µs  max=15.12ms
     http_req_tls_handshaking.......: avg=0s       p(50)=0s       p(95)=0s      p(99)=0s       max=0s     
     http_req_waiting...............: avg=452.09ms p(50)=313.7ms  p(95)=1.27s   p(99)=2.07s    max=2.15s  
     http_reqs......................: 13539   424.070756/s
     iteration_duration.............: avg=454.98ms p(50)=313.86ms p(95)=1.31s   p(99)=2.07s    max=2.15s  
     iterations.....................: 13539   424.070756/s
     vus............................: 94      min=94             max=200
     vus_max........................: 200     min=200            max=200

time="2026-10-02T13:50:44Z" level=error msg="thresholds on metrics 'http_req_duration, http_req_duration{expected_response:true}' have been crossed"
