quiet-check: 2026-10-02 15:40:42 runner=[online busy=false] load1=2.54 rest_cpu=5.2% heavy=[] builds=[] -> QUIET
series start 2026-10-02 15:40:42
# host=DESKTOP-85OS64M kernel=6.6.87.2-microsoft-standard-WSL2 nproc_host=20 uptime=" 15:40:42 up 1 day, 16:27, 54 users,  load average: 2.33, 2.45, 2.52"
# commit=7704e0b61600ca0ca4d5ad6e21ea217b50745c3b dirty=0
# generator=grafana/k6:0.54.0 generator_cpus=12-19 subject_cpus=0-3 rate=2000 connections=200 duration=30s limit=64m control=A0@6m lever=yes
# arm A0 = xyk-g1:paged-off|MALLOC_ARENA_MAX=2 image_id=sha256:5a352c9e7fdae8bb53446e6b65f6dde4119a3562622a71a614184f5e6dad0d7e
# arm A0b = xyk-g1:paged-off|MALLOC_ARENA_MAX=2 image_id=sha256:5a352c9e7fdae8bb53446e6b65f6dde4119a3562622a71a614184f5e6dad0d7e
# arm A1 = xyk-g1:paged-off image_id=sha256:5a352c9e7fdae8bb53446e6b65f6dde4119a3562622a71a614184f5e6dad0d7e
=== the positive control: A0 at 6m must be killed ===
control died as it must
=== 6 rounds per arm at 64m, interleaved ===
  round 1 done
  round 2 done
  round 3 done
  round 4 done
  round 5 done
  round 6 done
=== results ===
**Control** (6m): 2 of 2 killed.

| arm | survived | peak RSS kB (min–max) | threads (max) |
|---|---|---|---|
| `A0` | **6/6** | 65536–66020 | 131 |
| `A0b` | **6/6** | 65660–66044 | 121 |
| `A1` | **6/6** | 65540–66236 | 125 |
raw: /home/youndie/xyk-g1-raw/S2/results.csv
series rc=0 end 2026-10-02 15:51:52
post-check: 2026-10-02 15:51:57 runner=[online busy=true] load1=9.08 rest_cpu=121.3% heavy=[ 904323:100.7%:/home/youndie/actions-runner/_work/_tool/Java_Temurin-Hotspot_jdk/25.0.4-7.0.LTS/x64/bin/java] builds=[]
runner jobs that started during the series: 4
